
> portfolio@0.1.0 build
> next build

node.exe : [baseline-browser-mapping] The data in this 
module is over two months old.  To ensure accurate 
Baseline data, please update: `npm i 
baseline-browser-mapping@latest -D`
At line:1 char:1
+ & "C:\Program Files\nodejs/node.exe" 
"C:\Users\nicol\AppData\Roaming\ ...
+ ~~~~~~~~~~~~~~~~~~~~~~~~~~~~~~~~~~~~~~~~~~~~~~~~~~~~~~~~
~~~~~~~~~~~~~
    + CategoryInfo          : NotSpecified: ([baseline-br 
   ows...ping@latest -D`:String) [], RemoteException
    + FullyQualifiedErrorId : NativeCommandError
 
   Ôû▓ Next.js 16.0.10 (Turbopack)

   Creating an optimized production build ...
[baseline-browser-mapping] The data in this module is 
over two months old.  To ensure accurate Baseline data, 
please update: `npm i baseline-browser-mapping@latest -D`
 Ô£ô Compiled successfully in 16.1s
   Running TypeScript ...
Failed to compile.

./app/work/empower-va/infographic/page.tsx:139:16
Type error: Cannot find name 'Globe'.

[0m [90m 137 |[39m           [33m<[39m[33mdiv[39m 
className[33m=[39m[32m"p-10 border border-slate-200 
rounded-3xl bg-white hover:border-[#1A565E]/30 
transition-all group"[39m[33m>[39m
 [90m 138 |[39m             [33m<[39m[33mdiv[39m 
className[33m=[39m[32m"w-12 h-12 rounded-2xl 
bg-[#9F89B6]/10 text-[#9F89B6] flex items-center 
justify-center mb-8 group-hover:scale-110 
transition-transform"[39m[33m>[39m
[31m[1m>[22m[39m[90m 139 |[39m               
[33m<[39m[33mGlobe[39m size[33m=[39m{[35m24[39m} 
[33m/[39m[33m>[39m
 [90m     |[39m                [31m[1m^[22m[39m
 [90m 140 |[39m             
[33m<[39m[33m/[39m[33mdiv[39m[33m>[39m
 [90m 141 |[39m             [33m<[39m[33mh3[39m 
className[33m=[39m[32m"text-xl font-serif 
text-slate-900 mb-4"[39m[33m>[39m[33mRegional[39m 
[33mSEO[39m[33m<[39m[33m/[39m[33mh3[39m[33m>[39m
 [90m 142 |[39m             [33m<[39m[33mp[39m 
className[33m=[39m[32m"text-slate-500 text-sm 
leading-relaxed font-sans"[39m[33m>[39m[0m
Next.js build worker exited with code: 1 and signal: null
